********************************************************************************
DUPLICATOR-LITE PACKAGE-LOG: July 4, 2026 4:18 am
NOTICE: Do NOT post to public sites or forums 
********************************************************************************
VERSION:	1.5.16.1
WORDPRESS:	7.0
PHP INFO:	8.2.0 | SAPI: apache2handler
SERVER:		Apache/2.4.54 (Unix) mod_fastcgi/mod_fastcgi-SNAP-0910052141 PHP/8.2.0 OpenSSL/1.0.2u mod_wsgi/3.5 Python/2.7.18 
PHP TIME LIMIT: (0) no time limit imposed 
PHP MAX MEMORY: 4294967296 (128M default) 
MEMORY STACK: 54.5MB

********************************************************************************
DATABASE:
********************************************************************************
BUILD MODE:   PHP(query limit - 100)
MYSQLTIMEOUT: 5000
MYSQLDUMP:    Not Supported
TABLES: total:13 | filtered:0 | create:13
FILTERED: []
SQL CREATED: 20260702_rgvdsa_3f37d4e81ce176f26801_20260704041800_database.sql
SQL FILE SIZE: 5.14MB (5391411)
SQL FILE TIME: 2026-07-04 04:18:55
SQL RUNTIME: 0.29 sec.

********************************************************************************
ARCHIVE (ZIP):
********************************************************************************
ARCHIVE DIR:  /Users/cesargonzalez/Sites/rgv-dsa
ARCHIVE FILE: 20260702_rgvdsa_3f37d4e81ce176f26801_20260704041800_archive.zip
FILTERS: *ON*
DIRS:
	/Users/cesargonzalez/Sites/rgv-dsa/.git/objects/pack
	/Users/cesargonzalez/Sites/rgv-dsa/.git/objects/cf
	/Users/cesargonzalez/Sites/rgv-dsa/.git/objects/a5
	/Users/cesargonzalez/Sites/rgv-dsa/.git/objects/b4
FILES:
	not set
EXTS:  not set
----------------------------------------
COMPRESSING
SIZE:	500.96MB
STATS:	Dirs 3,757 | Files 37,879
SQL ADDED: 20260702_rgvdsa_3f37d4e81ce176f26801_20260704041800_database.sql
ZipArchive Object
(
    [lastId] => 41635
    [status] => 0
    [statusSys] => 0
    [numFiles] => 41636
    [filename] => /Users/cesargonzalez/Sites/rgv-dsa/wp-content/backups-dup-lite/tmp/20260702_rgvdsa_3f37d4e81ce176f26801_20260704041800_archive.zip
    [comment] => 
)

FILE ADDED TO ZIP: 41635
COMPRESSION RESULT: '1'
COMPRESSED SIZE: 167.62MB
ARCHIVE RUNTIME: 45.22 sec.
MEMORY STACK: 66.02MB
building installer
ARCHIVE CONSISTENCY TEST: PASS

********************************************************************************
INTEGRITY CHECKS:
********************************************************************************
SQL FILE: 5.14MB
INSTALLER FILE: 73.49KB
ARCHIVE FILE: 170.18MB 
EXPECTED FILE/DIRECTORY COUNT: 41,636
ACTUAL FILE/DIRECTORY COUNT: 41,635
ARCHIVE CONSISTENCY TEST: Pass

********************************************************************************
RECORD ID:[3]
TOTAL PROCESS RUNTIME: 62.66 sec.
PEAK PHP MEMORY USED: 74.02MB
DONE PROCESSING => 20260702_rgvdsa July 4, 2026 4:19 am

